Component: Arm Compiler for Embedded 6.24 Tool: armlink [5f371500]

==============================================================================

Section Cross References

    leds.o(.ARM.exidx.text.leds_init) refers to leds.o(.text.leds_init) for [Anonymous Symbol]
    leds.o(.ARM.exidx.text.ledR_on) refers to leds.o(.text.ledR_on) for [Anonymous Symbol]
    leds.o(.ARM.exidx.text.ledB_on) refers to leds.o(.text.ledB_on) for [Anonymous Symbol]
    leds.o(.ARM.exidx.text.ledG_on) refers to leds.o(.text.ledG_on) for [Anonymous Symbol]
    leds.o(.ARM.exidx.text.leds_on) refers to leds.o(.text.leds_on) for [Anonymous Symbol]
    leds.o(.ARM.exidx.text.led_off) refers to leds.o(.text.led_off) for [Anonymous Symbol]
    mymain.o(.text.main) refers to mymain.o(.rodata.str1.1) for .L.str
    mymain.o(.text.main) refers to myuart.o(.text.UART_Init) for UART_Init
    mymain.o(.text.main) refers to leds.o(.text.leds_init) for leds_init
    mymain.o(.text.main) refers to printf.o(.text) for printf
    mymain.o(.text.main) refers to scanf.o(.text) for scanf
    mymain.o(.text.main) refers to strcmpv7em.o(.text) for strcmp
    mymain.o(.text.main) refers to atoi.o(.text) for atoi
    mymain.o(.text.main) refers to leds.o(.text.ledR_on) for ledR_on
    mymain.o(.text.main) refers to leds.o(.text.ledB_on) for ledB_on
    mymain.o(.text.main) refers to leds.o(.text.ledG_on) for ledG_on
    mymain.o(.text.main) refers to leds.o(.text.leds_on) for leds_on
    mymain.o(.text.main) refers to leds.o(.text.led_off) for led_off
    mymain.o(.ARM.exidx.text.main) refers to mymain.o(.text.main) for [Anonymous Symbol]
    myuart.o(.ARM.exidx.text.UART_Init) refers to myuart.o(.text.UART_Init) for [Anonymous Symbol]
    myuart.o(.ARM.exidx.text.UART_InChar) refers to myuart.o(.text.UART_InChar) for [Anonymous Symbol]
    myuart.o(.ARM.exidx.text.UART_OutChar) refers to myuart.o(.text.UART_OutChar) for [Anonymous Symbol]
    myuart.o(.text.fputc) refers to myuart.o(.text.UART_OutChar) for UART_OutChar
    myuart.o(.ARM.exidx.text.fputc) refers to myuart.o(.text.fputc) for [Anonymous Symbol]
    myuart.o(.text.fgetc) refers to myuart.o(.text.UART_InChar) for UART_InChar
    myuart.o(.ARM.exidx.text.fgetc) refers to myuart.o(.text.fgetc) for [Anonymous Symbol]
    myuart.o(.ARM.exidx.text.ferror) refers to myuart.o(.text.ferror) for [Anonymous Symbol]
    startup_tm4c123.o(STACK) refers (Special) to heapauxi.o(.text) for __use_two_region_memory
    startup_tm4c123.o(HEAP) refers (Special) to heapauxi.o(.text) for __use_two_region_memory
    startup_tm4c123.o(RESET) refers (Special) to heapauxi.o(.text) for __use_two_region_memory
    startup_tm4c123.o(RESET) refers to startup_tm4c123.o(STACK) for __initial_sp
    startup_tm4c123.o(RESET) refers to startup_tm4c123.o(.text) for Reset_Handler
    startup_tm4c123.o(.text) refers (Special) to heapauxi.o(.text) for __use_two_region_memory
    startup_tm4c123.o(.text) refers to system_tm4c123.o(.text.SystemInit) for SystemInit
    startup_tm4c123.o(.text) refers to __main.o(!!!main) for __main
    startup_tm4c123.o(.text) refers to startup_tm4c123.o(HEAP) for Heap_Mem
    startup_tm4c123.o(.text) refers to startup_tm4c123.o(STACK) for Stack_Mem
    system_tm4c123.o(.text.SystemCoreClockUpdate) refers to system_tm4c123.o(.text.getOscClk) for getOscClk
    system_tm4c123.o(.text.SystemCoreClockUpdate) refers to system_tm4c123.o(.data.SystemCoreClock) for SystemCoreClock
    system_tm4c123.o(.ARM.exidx.text.SystemCoreClockUpdate) refers to system_tm4c123.o(.text.SystemCoreClockUpdate) for [Anonymous Symbol]
    system_tm4c123.o(.ARM.exidx.text.getOscClk) refers to system_tm4c123.o(.text.getOscClk) for [Anonymous Symbol]
    system_tm4c123.o(.ARM.exidx.text.SystemInit) refers to system_tm4c123.o(.text.SystemInit) for [Anonymous Symbol]
    printf.o(.text) refers (Special) to _printf_a.o(.ARM.Collect$$_printf_percent$$00000006) for _printf_a
    printf.o(.text) refers (Special) to _printf_c.o(.ARM.Collect$$_printf_percent$$00000013) for _printf_c
    printf.o(.text) refers (Special) to _printf_charcount.o(.text) for _printf_charcount
    printf.o(.text) refers (Special) to _printf_d.o(.ARM.Collect$$_printf_percent$$00000009) for _printf_d
    printf.o(.text) refers (Special) to _printf_e.o(.ARM.Collect$$_printf_percent$$00000004) for _printf_e
    printf.o(.text) refers (Special) to _printf_f.o(.ARM.Collect$$_printf_percent$$00000003) for _printf_f
    printf.o(.text) refers (Special) to printf1.o(x$fpl$printf1) for _printf_fp_dec
    printf.o(.text) refers (Special) to printf2.o(x$fpl$printf2) for _printf_fp_hex
    printf.o(.text) refers (Special) to _printf_g.o(.ARM.Collect$$_printf_percent$$00000005) for _printf_g
    printf.o(.text) refers (Special) to _printf_i.o(.ARM.Collect$$_printf_percent$$00000008) for _printf_i
    printf.o(.text) refers (Special) to _printf_dec.o(.text) for _printf_int_dec
[...]
    .text                                    0x00000ea4   Section        0  strtol.o(.text)
    .text                                    0x00000f14   Section        0  _scanf_mbtowc.o(.text)
    .text                                    0x00001028   Section        0  _scanf_wctomb.o(.text)
    .text                                    0x00001110   Section        0  _scanf_wstr.o(.text)
    .text                                    0x000011e0   Section        8  libspace.o(.text)
    .text                                    0x000011e8   Section       16  rt_ctype_table.o(.text)
    .text                                    0x000011f8   Section      138  lludiv10.o(.text)
    .text                                    0x00001282   Section        0  _printf_intcommon.o(.text)
    _fp_digits                               0x00001335   Thumb Code   432  _printf_fp_dec.o(.text)
    .text                                    0x00001334   Section        0  _printf_fp_dec.o(.text)
    .text                                    0x00001750   Section        0  _printf_fp_hex.o(.text)
    _printf_input_char                       0x00001a4d   Thumb Code    10  _printf_char_common.o(.text)
    .text                                    0x00001a4c   Section        0  _printf_char_common.o(.text)
    .text                                    0x00001a7c   Section        0  _printf_char.o(.text)
    .text                                    0x00001aa8   Section        0  _printf_wchar.o(.text)
    .text                                    0x00001ad4   Section        0  _chval.o(.text)
    _fp_value                                0x00001af1   Thumb Code   588  scanf_fp.o(.text)
    .text                                    0x00001af0   Section        0  scanf_fp.o(.text)
    _scanf_char_input                        0x00001fe9   Thumb Code    12  scanf_char.o(.text)
    .text                                    0x00001fe8   Section        0  scanf_char.o(.text)
    .text                                    0x00002014   Section        0  _strtoul.o(.text)
    .text                                    0x000020b2   Section        0  _scanf_wcharmap.o(.text)
    .text                                    0x000020d0   Section        0  backspace.o(.text)
    .text                                    0x00002118   Section        0  _mbrtoc16.o(.text)
    .text                                    0x00002158   Section        0  _c16rtomb.o(.text)
    .text                                    0x000021a0   Section       74  sys_stackheap_outer.o(.text)
    .text                                    0x000021ec   Section        8  rt_locale_intlibspace.o(.text)
    .text                                    0x000021f4   Section       38  llshl.o(.text)
    .text                                    0x0000221a   Section        0  isspace.o(.text)
    .text                                    0x0000222c   Section        0  _printf_fp_infnan.o(.text)
    .text                                    0x000022ac   Section        0  _scanf.o(.text)
    .text                                    0x00002620   Section        0  bigflt0.o(.text)
    .text                                    0x00002704   Section        0  ungetc.o(.text)
    .text                                    0x0000274c   Section        0  exit.o(.text)
    .text                                    0x0000275e   Section        0  _rserrno.o(.text)
    .text                                    0x00002774   Section        0  scanf_hexfp.o(.text)
    .text                                    0x00002a94   Section        0  scanf_infnan.o(.text)
    .text                                    0x00002bc8   Section        0  sys_exit.o(.text)
    .text                                    0x00002bd4   Section        2  use_no_semi.o(.text)
    .text                                    0x00002bd6   Section        0  indicate_semi.o(.text)
    [Anonymous Symbol]                       0x00002bd8   Section        0  system_tm4c123.o(.text.SystemInit)
    [Anonymous Symbol]                       0x00002ce4   Section        0  myuart.o(.text.UART_InChar)
    [Anonymous Symbol]                       0x00002d08   Section        0  myuart.o(.text.UART_Init)
    [Anonymous Symbol]                       0x00002dec   Section        0  myuart.o(.text.UART_OutChar)
    [Anonymous Symbol]                       0x00002e1c   Section        0  myuart.o(.text.ferror)
    [Anonymous Symbol]                       0x00002e28   Section        0  myuart.o(.text.fgetc)
    [Anonymous Symbol]                       0x00002e38   Section        0  myuart.o(.text.fputc)
    [Anonymous Symbol]                       0x00002e80   Section        0  leds.o(.text.ledB_on)
    [Anonymous Symbol]                       0x00002e90   Section        0  leds.o(.text.ledG_on)
    [Anonymous Symbol]                       0x00002ea0   Section        0  leds.o(.text.ledR_on)
    [Anonymous Symbol]                       0x00002eb0   Section        0  leds.o(.text.led_off)
    [Anonymous Symbol]                       0x00002ec0   Section        0  leds.o(.text.leds_init)
    [Anonymous Symbol]                       0x00002ef8   Section        0  leds.o(.text.leds_on)
    [Anonymous Symbol]                       0x00002f08   Section        0  mymain.o(.text.main)
    CL$$btod_d2e                             0x0000309c   Section       62  btod.o(CL$$btod_d2e)
    CL$$btod_d2e_denorm_low                  0x000030da   Section       70  btod.o(CL$$btod_d2e_denorm_low)
    CL$$btod_d2e_norm_op1                    0x00003120   Section       96  btod.o(CL$$btod_d2e_norm_op1)
    CL$$btod_div_common                      0x00003180   Section      824  btod.o(CL$$btod_div_common)
    CL$$btod_e2d                             0x000034b8   Section      132  btod.o(CL$$btod_e2d)
    CL$$btod_e2e                             0x0000353c   Section      220  btod.o(CL$$btod_e2e)
    CL$$btod_ediv                            0x00003618   Section       42  btod.o(CL$$btod_ediv)
    CL$$btod_edivd                           0x00003642   Section       42  btod.o(CL$$btod_edivd)
    CL$$btod_emul                            0x0000366c   Section       42  btod.o(CL$$btod_emul)
    CL$$btod_emuld                           0x00003696   Section       42  btod.o(CL$$btod_emuld)
    CL$$btod_mult_common                     0x000036c0   Section      580  btod.o(CL$$btod_mult_common)
    i.__ARM_fpclassify                       0x00003904   Section        0  fpclassify.o(i.__ARM_fpclassify)
    i.__hardfp___mathlib_tofloat             0x00003938   Section        0  narrow.o(i.__hardfp___mathlib_tofloat)
    i.__hardfp_ldexp                         0x00003a30   Section        0  ldexp.o(i.__hardfp_ldexp)
    i.__mathlib_dbl_overflow                 0x00003b00   Section        0  dunder.o(i.__mathlib_dbl_overflow)
    i.__mathlib_dbl_underflow                0x00003b20   Section        0  dunder.o(i.__mathlib_dbl_underflow)
    i.__mathlib_narrow                       0x00003b40   Section        0  narrow.o(i.__mathlib_narrow)
    i.__support_ldexp                        0x00003b52   Section        0  ldexp.o(i.__support_ldexp)
    i._is_digit                              0x00003b66   Section        0  __printf_wp.o(i._is_digit)
    i.frexp                                  0x00003b78   Section        0  frexp.o(i.frexp)
    locale$$code                             0x00003c04   Section       44  lc_ctype_c.o(locale$$code)
    locale$$code                             0x00003c30   Section       44  lc_numeric_c.o(locale$$code)
    $v0                                      0x00003c5c   Number         0  d2f.o(x$fpl$d2f)
    x$fpl$d2f                                0x00003c5c   Section       98  d2f.o(x$fpl$d2f)
    $v0                                      0x00003cc0   Number         0  dcheck1.o(x$fpl$dcheck1)
    x$fpl$dcheck1                            0x00003cc0   Section       16  dcheck1.o(x$fpl$dcheck1)
    $v0                                      0x00003cd0   Number         0  dcmpi.o(x$fpl$dcmpinf)
    x$fpl$dcmpinf                            0x00003cd0   Section       24  dcmpi.o(x$fpl$dcmpinf)
    $v0                                      0x00003ce8   Number         0  deqf.o(x$fpl$deqf)
    x$fpl$deqf                               0x00003ce8   Section      120  deqf.o(x$fpl$deqf)
    $v0                                      0x00003d60   Number         0  dleqf.o(x$fpl$dleqf)
    x$fpl$dleqf                              0x00003d60   Section      120  dleqf.o(x$fpl$dleqf)
    $v0                                      0x00003dd8   Number         0  dmul.o(x$fpl$dmul)
    x$fpl$dmul                               0x00003dd8   Section      340  dmul.o(x$fpl$dmul)
    $v0                                      0x00003f2c   Number         0  dnaninf.o(x$fpl$dnaninf)
    x$fpl$dnaninf                            0x00003f2c   Section      156  dnaninf.o(x$fpl$dnaninf)
    $v0                                      0x00003fc8   Number         0  dretinf.o(x$fpl$dretinf)
    x$fpl$dretinf                            0x00003fc8   Section       12  dretinf.o(x$fpl$dretinf)
    $v0                                      0x00003fd4   Number         0  drleqf.o(x$fpl$drleqf)
    x$fpl$drleqf                             0x00003fd4   Section      108  drleqf.o(x$fpl$drleqf)
    $v0                                      0x00004040   Number         0  fpinit.o(x$fpl$fpinit)
    x$fpl$fpinit                             0x00004040   Section       26  fpinit.o(x$fpl$fpinit)
    $v0                                      0x0000405a   Number         0  fretinf.o(x$fpl$fretinf)
    x$fpl$fretinf                            0x0000405a   Section       10  fretinf.o(x$fpl$fretinf)
    $v0                                      0x00004064   Number         0  istatus.o(x$fpl$ieeestatus)
    x$fpl$ieeestatus                         0x00004064   Section        6  istatus.o(x$fpl$ieeestatus)
    $v0                                      0x0000406a   Number         0  printf1.o(x$fpl$printf1)
    x$fpl$printf1                            0x0000406a   Section        4  printf1.o(x$fpl$printf1)
    $v0                                      0x0000406e   Number         0  printf2.o(x$fpl$printf2)
    x$fpl$printf2                            0x0000406e   Section        4  printf2.o(x$fpl$printf2)
    $v0                                      0x00004072   Number         0  retnan.o(x$fpl$retnan)
    x$fpl$retnan                             0x00004072   Section      100  retnan.o(x$fpl$retnan)
    $v0                                      0x000040d6   Number         0  scalbn.o(x$fpl$scalbn)
    x$fpl$scalbn                             0x000040d6   Section       92  scalbn.o(x$fpl$scalbn)
    $v0                                      0x00004132   Number         0  scanf1.o(x$fpl$scanf1)
    x$fpl$scanf1                             0x00004132   Section        4  scanf1.o(x$fpl$scanf1)
    $v0                                      0x00004136   Number         0  scanf2.o(x$fpl$scanf2)
    x$fpl$scanf2                             0x00004136   Section        8  scanf2.o(x$fpl$scanf2)
    $v0                                      0x0000413e   Number         0  trapv.o(x$fpl$trapveneer)
    x$fpl$trapveneer                         0x0000413e   Section       48  trapv.o(x$fpl$trapveneer)
    x$fpl$usenofp                            0x0000416e   Section        0  usenofp.o(x$fpl$usenofp)
    initial_mbstate                          0x00004170   Data           8  _printf_wctomb.o(.constdata)
    .constdata                               0x00004170   Section        8  _printf_wctomb.o(.constdata)
    uc_hextab                                0x00004178   Data          20  _printf_hex_int_ll_ptr.o(.constdata)
    .constdata                               0x00004178   Section       40  _printf_hex_int_ll_ptr.o(.constdata)
    lc_hextab                                0x0000418c   Data          20  _printf_hex_int_ll_ptr.o(.constdata)
    maptable                                 0x000041a0   Data          17  __printf_flags_ss_wp.o(.constdata)
    .constdata                               0x000041a0   Section       17  __printf_flags_ss_wp.o(.constdata)
    lc_hextab                                0x000041b1   Data          19  _printf_fp_hex.o(.constdata)
    .constdata                               0x000041b1   Section       38  _printf_fp_hex.o(.constdata)
    uc_hextab                                0x000041c4   Data          19  _printf_fp_hex.o(.constdata)
    tenpwrs_x                                0x000041d8   Data          60  bigflt0.o(.constdata)
    .constdata                               0x000041d8   Section      148  bigflt0.o(.constdata)
    tenpwrs_i                                0x00004214   Data          64  bigflt0.o(.constdata)
    .L.str.18                                0x0000426c   Data          39  mymain.o(.rodata.str1.1)
    [Anonymous Symbol]                       0x0000426c   Section        0  mymain.o(.rodata.str1.1)
    .L.str.19                                0x00004293   Data          51  mymain.o(.rodata.str1.1)
    .L.str.2                                 0x000042c6   Data          29  mymain.o(.rodata.str1.1)
    .L.str.4                                 0x000042d2   Data          17  mymain.o(.rodata.str1.1)
    .L.str.16                                0x000042e3   Data          35  mymain.o(.rodata.str1.1)
    .L.str.17                                0x00004306   Data          35  mymain.o(.rodata.str1.1)
    .L.str.15                                0x00004329   Data          35  mymain.o(.rodata.str1.1)
    .L.str.20                                0x0000434c   Data          39  mymain.o(.rodata.str1.1)
    .L.str.3                                 0x00004373   Data          18  mymain.o(.rodata.str1.1)
    .L.str.11                                0x00004385   Data          39  mymain.o(.rodata.str1.1)
    .L.str.14                                0x000043ac   Data          37  mymain.o(.rodata.str1.1)
    .L.str.5                                 0x000043d1   Data          41  mymain.o(.rodata.str1.1)
    .L.str.6                                 0x000043fa   Data          41  mymain.o(.rodata.str1.1)
    .L.str.7                                 0x00004423   Data          41  mymain.o(.rodata.str1.1)
    .L.str.8                                 0x0000444c   Data          40  mymain.o(.rodata.str1.1)
    .L.str.9                                 0x00004474   Data          43  mymain.o(.rodata.str1.1)
    .L.str.10                                0x0000449f   Data           4  mymain.o(.rodata.str1.1)
    .L.str.1                                 0x000044a3   Data          36  mymain.o(.rodata.str1.1)
    .L.str.13                                0x000044c5   Data           2  mymain.o(.rodata.str1.1)
    .L.str                                   0x000044c7   Data           7  mymain.o(.rodata.str1.1)
    .L.str.12                                0x000044ce   Data           3  mymain.o(.rodata.str1.1)
    c$$dinf                                  0x000044e4   Section        8  fpconst.o(c$$dinf)
    c$$dmax                                  0x000044ec   Section        8  fpconst.o(c$$dmax)
    locale$$data                             0x000044f4   Section      272  lc_ctype_c.o(locale$$data)
    __lcctype_c_name                         0x000044f8   Data           2  lc_ctype_c.o(locale$$data)
    __lcctype_c_start                        0x00004500   Data           0  lc_ctype_c.o(locale$$data)
    __lcctype_c_end                          0x00004604   Data           0  lc_ctype_c.o(locale$$data)
    locale$$data                             0x00004604   Section       28  lc_numeric_c.o(locale$$data)
    __lcnum_c_name                           0x00004608   Data           2  lc_numeric_c.o(locale$$data)
    __lcnum_c_start                          0x00004610   Data           0  lc_numeric_c.o(locale$$data)
    __lcnum_c_point                          0x0000461c   Data           0  lc_numeric_c.o(locale$$data)
    __lcnum_c_thousands                      0x0000461e   Data           0  lc_numeric_c.o(locale$$data)
    __lcnum_c_grouping                       0x0000461f   Data           0  lc_numeric_c.o(locale$$data)
    __lcnum_c_end                            0x00004620   Data           0  lc_numeric_c.o(locale$$data)
    .bss                                     0x20000000   Section       96  libspace.o(.bss)
    Heap_Mem                                 0x20000108   Data           0  startup_tm4c123.o(HEAP)
    Stack_Mem                                0x20000108   Data         512  startup_tm4c123.o(STACK)
    HEAP                                     0x20000108   Section        0  startup_tm4c123.o(HEAP)
    STACK                                    0x20000108   Section      512  startup_tm4c123.o(STACK)
    __initial_sp                             0x20000308   Data           0  startup_tm4c123.o(STACK)

    Global Symbols

    Symbol Name                              Value     Ov Type        Size  Object(Section)

    BuildAttributes$$THM_ISAv4$E$P$D$K$B$S$7EM$VFPi3$EXTD16$VFPS$VFMA$PE$A:L22UL41UL21$X:L11$S22US41US21$IEEE1$IW$~IW$USESV6$~STKCKD$USESV7$~SHL$OTIME$ROPI$IEEEX$EBA8$UX$STANDARDLIB$REQ8$PRES8$EABIv2 0x00000000   Number         0  anon$$obj.o ABSOLUTE
    __Vectors                                0x00000000   Data           4  startup_tm4c123.o(RESET)
    _printf_flags                            0x00000000   Number         0  printf_stubs.o ABSOLUTE
    _printf_return_value                     0x00000000   Number         0  printf_stubs.o ABSOLUTE
    _printf_sizespec                         0x00000000   Number         0  printf_stubs.o ABSOLUTE
    _printf_widthprec                        0x00000000   Number         0  printf_stubs.o ABSOLUTE
    __ARM_exceptions_init                     - Undefined Weak Reference
    __alloca_initialize                       - Undefined Weak Reference
    __arm_preinit_                            - Undefined Weak Reference
    __arm_relocate_pie_                       - Undefined Weak Reference
    __cpp_initialize__aeabi_                  - Undefined Weak Reference
    __cxa_finalize                            - Undefined Weak Reference
    __sigvec_lookup                           - Undefined Weak Reference
    _atexit_init                              - Undefined Weak Reference
    _call_atexit_fns                          - Undefined Weak Reference
    _clock_init                               - Undefined Weak Reference
    _fp_trap_init                             - Undefined Weak Reference
    _fp_trap_shutdown                         - Undefined Weak Reference
    _get_lc_collate                           - Undefined Weak Reference
    _get_lc_monetary                          - Undefined Weak Reference
    _get_lc_time                              - Undefined Weak Reference
    _getenv_init                              - Undefined Weak Reference
    _handle_redirection                       - Undefined Weak Reference
    _init_alloc                               - Undefined Weak Reference
    _init_user_alloc                          - Undefined Weak Reference
    _initio                                   - Undefined Weak Reference
    _mutex_acquire                            - Undefined Weak Reference
    _mutex_release                            - Undefined Weak Reference
    _printf_mbtowc                            - Undefined Weak Reference
    _printf_wc                                - Undefined Weak Reference
    _rand_init                                - Undefined Weak Reference
    _signal_finish                            - Undefined Weak Reference
    _signal_init                              - Undefined Weak Reference
    _terminate_alloc                          - Undefined Weak Reference
    _terminate_user_alloc                     - Undefined Weak Reference
    _terminateio                              - Undefined Weak Reference
    __Vectors_End                            0x0000026c   Data           0  startup_tm4c123.o(RESET)
    __Vectors_Size                           0x0000026c   Number         0  startup_tm4c123.o ABSOLUTE
    __main                                   0x0000026d   Thumb Code     8  __main.o(!!!main)
    __scatterload                            0x00000275   Thumb Code     0  __scatter.o(!!!scatter)
    __scatterload_rt2                        0x00000275   Thumb Code    84  __scatter.o(!!!scatter)
    __scatterload_rt2_thumb_only             0x00000275   Thumb Code     0  __scatter.o(!!!scatter)
    __scatterload_loop                       0x0000027f   Thumb Code     0  __scatter.o(!!!scatter)
    __scatterload_null                       0x000002d1   Thumb Code     2  __scatter.o(!!handler_null)
    __scatterload_zeroinit                   0x000002d5   Thumb Code    28  __scatter_zi.o(!!handler_zi)
    _printf_n                                0x000002f1   Thumb Code     0  _printf_n.o(.ARM.Collect$$_printf_percent$$00000001)
    _printf_percent                          0x000002f1   Thumb Code     0  _printf_percent.o(.ARM.Collect$$_printf_percent$$00000000)
    _printf_p                                0x000002f7   Thumb Code     0  _printf_p.o(.ARM.Collect$$_printf_percent$$00000002)
    _printf_f                                0x000002fd   Thumb Code     0  _printf_f.o(.ARM.Collect$$_printf_percent$$00000003)
    _printf_e                                0x00000303   Thumb Code     0  _printf_e.o(.ARM.Collect$$_printf_percent$$00000004)
    _printf_g                                0x00000309   Thumb Code     0  _printf_g.o(.ARM.Collect$$_printf_percent$$00000005)
    _printf_a                                0x0000030f   Thumb Code     0  _printf_a.o(.ARM.Collect$$_printf_percent$$00000006)
    _printf_ll                               0x00000315   Thumb Code     0  _printf_ll.o(.ARM.Collect$$_printf_percent$$00000007)
    _printf_i                                0x0000031f   Thumb Code     0  _printf_i.o(.ARM.Collect$$_printf_percent$$00000008)
    _printf_d                                0x00000325   Thumb Code     0  _printf_d.o(.ARM.Collect$$_printf_percent$$00000009)
    _printf_u                                0x0000032b   Thumb Code     0  _printf_u.o(.ARM.Collect$$_printf_percent$$0000000A)
    _printf_o                                0x00000331   Thumb Code     0  _printf_o.o(.ARM.Collect$$_printf_percent$$0000000B)
    _printf_x                                0x00000337   Thumb Code     0  _printf_x.o(.ARM.Collect$$_printf_percent$$0000000C)
    _printf_lli                              0x0000033d   Thumb Code     0  _printf_lli.o(.ARM.Collect$$_printf_percent$$0000000D)
    _printf_lld                              0x00000343   Thumb Code     0  _printf_lld.o(.ARM.Collect$$_printf_percent$$0000000E)
    _printf_llu                              0x00000349   Thumb Code     0  _printf_llu.o(.ARM.Collect$$_printf_percent$$0000000F)
    _printf_llo                              0x0000034f   Thumb Code     0  _printf_llo.o(.ARM.Collect$$_printf_percent$$00000010)
    _printf_llx                              0x00000355   Thumb Code     0  _printf_llx.o(.ARM.Collect$$_printf_percent$$00000011)
    _printf_l                                0x0000035b   Thumb Code     0  _printf_l.o(.ARM.Collect$$_printf_percent$$00000012)
    _printf_c                                0x00000365   Thumb Code     0  _printf_c.o(.ARM.Collect$$_printf_percent$$00000013)
    _printf_s                                0x0000036b   Thumb Code     0  _printf_s.o(.ARM.Collect$$_printf_percent$$00000014)
    _printf_lc                               0x00000371   Thumb Code     0  _printf_lc.o(.ARM.Collect$$_printf_percent$$00000015)
    _printf_ls                               0x00000377   Thumb Code     0  _printf_ls.o(.ARM.Collect$$_printf_percent$$00000016)
    _printf_percent_end                      0x0000037d   Thumb Code     0  _printf_percent_end.o(.ARM.Collect$$_printf_percent$$00000017)
    __rt_lib_init                            0x00000381   Thumb Code     0  libinit.o(.ARM.Collect$$libinit$$00000000)
    __rt_lib_init_fp_1                       0x00000383   Thumb Code     0  libinit2.o(.ARM.Collect$$libinit$$00000001)
    __rt_lib_init_heap_1                     0x00000387   Thumb Code     0  libinit2.o(.ARM.Collect$$libinit$$0000000C)
    __rt_lib_init_lc_common                  0x00000387   Thumb Code     0  libinit2.o(.ARM.Collect$$libinit$$00000011)
    __rt_lib_init_preinit_1                  0x00000387   Thumb Code     0  libinit2.o(.ARM.Collect$$libinit$$00000006)
    __rt_lib_init_rand_1                     0x00000387   Thumb Code     0  libinit2.o(.ARM.Collect$$libinit$$00000010)
    __rt_lib_init_relocate_pie_1             0x00000387   Thumb Code     0  libinit2.o(.ARM.Collect$$libinit$$00000004)
    __rt_lib_init_user_alloc_1               0x00000387   Thumb Code     0  libinit2.o(.ARM.Collect$$libinit$$0000000E)
    __rt_lib_init_lc_collate_1               0x0000038d   Thumb Code     0  libinit2.o(.ARM.Collect$$libinit$$00000013)
    __rt_lib_init_lc_ctype_2                 0x0000038d   Thumb Code     0  libinit2.o(.ARM.Collect$$libinit$$00000014)
    __rt_lib_init_lc_ctype_1                 0x00000399   Thumb Code     0  libinit2.o(.ARM.Collect$$libinit$$00000015)
    __rt_lib_init_lc_monetary_1              0x00000399   Thumb Code     0  libinit2.o(.ARM.Collect$$libinit$$00000017)
    __rt_lib_init_lc_numeric_2               0x00000399   Thumb Code     0  libinit2.o(.ARM.Collect$$libinit$$00000018)
    __rt_lib_init_alloca_1                   0x000003a3   Thumb Code     0  libinit2.o(.ARM.Collect$$libinit$$00000030)
    __rt_lib_init_argv_1                     0x000003a3   Thumb Code     0  libinit2.o(.ARM.Collect$$libinit$$0000002E)
    __rt_lib_init_atexit_1                   0x000003a3   Thumb Code     0  libinit2.o(.ARM.Collect$$libinit$$0000001D)
    __rt_lib_init_clock_1                    0x000003a3   Thumb Code     0  libinit2.o(.ARM.Collect$$libinit$$00000023)
    __rt_lib_init_cpp_1                      0x000003a3   Thumb Code     0  libinit2.o(.ARM.Collect$$libinit$$00000034)
    __rt_lib_init_exceptions_1               0x000003a3   Thumb Code     0  libinit2.o(.ARM.Collect$$libinit$$00000032)
    __rt_lib_init_fp_trap_1                  0x000003a3   Thumb Code     0  libinit2.o(.ARM.Collect$$libinit$$00000021)
    __rt_lib_init_getenv_1                   0x000003a3   Thumb Code     0  libinit2.o(.ARM.Collect$$libinit$$00000025)
    __rt_lib_init_lc_numeric_1               0x000003a3   Thumb Code     0  libinit2.o(.ARM.Collect$$libinit$$00000019)
    __rt_lib_init_lc_time_1                  0x000003a3   Thumb Code     0  libinit2.o(.ARM.Collect$$libinit$$0000001B)
    __rt_lib_init_return                     0x000003a3   Thumb Code     0  libinit2.o(.ARM.Collect$$libinit$$00000035)
    __rt_lib_init_signal_1                   0x000003a3   Thumb Code     0  libinit2.o(.ARM.Collect$$libinit$$0000001F)
    __rt_lib_init_stdio_1                    0x000003a3   Thumb Code     0  libinit2.o(.ARM.Collect$$libinit$$00000027)
    __rt_lib_shutdown                        0x000003a5   Thumb Code     0  libshutdown.o(.ARM.Collect$$libshutdown$$00000000)
    __rt_lib_shutdown_cpp_1                  0x000003a7   Thumb Code     0  libshutdown2.o(.ARM.Collect$$libshutdown$$00000002)
    __rt_lib_shutdown_fp_trap_1              0x000003a7   Thumb Code     0  libshutdown2.o(.ARM.Collect$$libshutdown$$00000007)
    __rt_lib_shutdown_heap_1                 0x000003a7   Thumb Code     0  libshutdown2.o(.ARM.Collect$$libshutdown$$0000000F)
    __rt_lib_shutdown_return                 0x000003a7   Thumb Code     0  libshutdown2.o(.ARM.Collect$$libshutdown$$00000010)
    __rt_lib_shutdown_signal_1               0x000003a7   Thumb Code     0  libshutdown2.o(.ARM.Collect$$libshutdown$$0000000A)
    __rt_lib_shutdown_stdio_1                0x000003a7   Thumb Code     0  libshutdown2.o(.ARM.Collect$$libshutdown$$00000004)
    __rt_lib_shutdown_user_alloc_1           0x000003a7   Thumb Code     0  libshutdown2.o(.ARM.Collect$$libshutdown$$0000000C)
    __rt_entry                               0x000003a9   Thumb Code     0  __rtentry.o(.ARM.Collect$$rtentry$$00000000)
    __rt_entry_presh_1                       0x000003a9   Thumb Code     0  __rtentry2.o(.ARM.Collect$$rtentry$$00000002)
    __rt_entry_sh                            0x000003a9   Thumb Code     0  __rtentry4.o(.ARM.Collect$$rtentry$$00000004)
    __rt_entry_li                            0x000003af   Thumb Code     0  __rtentry2.o(.ARM.Collect$$rtentry$$0000000A)
    __rt_entry_postsh_1                      0x000003af   Thumb Code     0  __rtentry2.o(.ARM.Collect$$rtentry$$00000009)
    __rt_entry_main                          0x000003b3   Thumb Code     0  __rtentry2.o(.ARM.Collect$$rtentry$$0000000D)
    __rt_entry_postli_1                      0x000003b3   Thumb Code     0  __rtentry2.o(.ARM.Collect$$rtentry$$0000000C)
    __rt_exit                                0x000003bb   Thumb Code     0  rtexit.o(.ARM.Collect$$rtexit$$00000000)
    __rt_exit_ls                             0x000003bd   Thumb Code     0  rtexit2.o(.ARM.Collect$$rtexit$$00000003)
    __rt_exit_prels_1                        0x000003bd   Thumb Code     0  rtexit2.o(.ARM.Collect$$rtexit$$00000002)
    __rt_exit_exit                           0x000003c1   Thumb Code     0  rtexit2.o(.ARM.Collect$$rtexit$$00000004)
    Reset_Handler                            0x000003c9   Thumb Code     8  startup_tm4c123.o(.text)
    NMI_Handler                              0x000003d1   Thumb Code     2  startup_tm4c123.o(.text)
    HardFault_Handler                        0x000003d3   Thumb Code     2  startup_tm4c123.o(.text)
    MemManage_Handler                        0x000003d5   Thumb Code     2  startup_tm4c123.o(.text)
    BusFault_Handler                         0x000003d7   Thumb Code     2  startup_tm4c123.o(.text)
    UsageFault_Handler                       0x000003d9   Thumb Code     2  startup_tm4c123.o(.text)
    SVC_Handler                              0x000003db   Thumb Code     2  startup_tm4c123.o(.text)
    DebugMon_Handler                         0x000003dd   Thumb Code     2  startup_tm4c123.o(.text)
    PendSV_Handler                           0x000003df   Thumb Code     2  startup_tm4c123.o(.text)
    SysTick_Handler                          0x000003e1   Thumb Code     2  startup_tm4c123.o(.text)
    GPIOA_Handler                            0x000003e3   Thumb Code     2  startup_tm4c123.o(.text)
    GPIOB_Handler                            0x000003e5   Thumb Code     2  startup_tm4c123.o(.text)
    GPIOC_Handler                            0x000003e7   Thumb Code     2  startup_tm4c123.o(.text)
    GPIOD_Handler                            0x000003e9   Thumb Code     2  startup_tm4c123.o(.text)
    GPIOE_Handler                            0x000003eb   Thumb Code     2  startup_tm4c123.o(.text)
    UART0_Handler                            0x000003ed   Thumb Code     2  startup_tm4c123.o(.text)
    UART1_Handler                            0x000003ef   Thumb Code     2  startup_tm4c123.o(.text)
    SSI0_Handler                             0x000003f1   Thumb Code     2  startup_tm4c123.o(.text)
    I2C0_Handler                             0x000003f3   Thumb Code     2  startup_tm4c123.o(.text)
    PMW0_FAULT_Handler                       0x000003f5   Thumb Code     2  startup_tm4c123.o(.text)
    PWM0_0_Handler                           0x000003f7   Thumb Code     2  startup_tm4c123.o(.text)
    PWM0_1_Handler                           0x000003f9   Thumb Code     2  startup_tm4c123.o(.text)
    PWM0_2_Handler                           0x000003fb   Thumb Code     2  startup_tm4c123.o(.text)
    QEI0_Handler                             0x000003fd   Thumb Code     2  startup_tm4c123.o(.text)
    ADC0SS0_Handler                          0x000003ff   Thumb Code     2  startup_tm4c123.o(.text)
    ADC0SS1_Handler                          0x00000401   Thumb Code     2  startup_tm4c123.o(.text)
    ADC0SS2_Handler                          0x00000403   Thumb Code     2  startup_tm4c123.o(.text)
    ADC0SS3_Handler                          0x00000405   Thumb Code     2  startup_tm4c123.o(.text)
    WDT0_Handler                             0x00000407   Thumb Code     2  startup_tm4c123.o(.text)
    TIMER0A_Handler                          0x00000409   Thumb Code     2  startup_tm4c123.o(.text)
    TIMER0B_Handler                          0x0000040b   Thumb Code     2  startup_tm4c123.o(.text)
    TIMER1A_Handler                          0x0000040d   Thumb Code     2  startup_tm4c123.o(.text)
    TIMER1B_Handler                          0x0000040f   Thumb Code     2  startup_tm4c123.o(.text)
    TIMER2A_Handler                          0x00000411   Thumb Code     2  startup_tm4c123.o(.text)
    TIMER2B_Handler                          0x00000413   Thumb Code     2  startup_tm4c123.o(.text)
    COMP0_Handler                            0x00000415   Thumb Code     2  startup_tm4c123.o(.text)
    COMP1_Handler                            0x00000417   Thumb Code     2  startup_tm4c123.o(.text)
    COMP2_Handler                            0x00000419   Thumb Code     2  startup_tm4c123.o(.text)
    SYSCTL_Handler                           0x0000041b   Thumb Code     2  startup_tm4c123.o(.text)
    FLASH_Handler                            0x0000041d   Thumb Code     2  startup_tm4c123.o(.text)
    GPIOF_Handler                            0x0000041f   Thumb Code     2  startup_tm4c123.o(.text)
    GPIOG_Handler                            0x00000421   Thumb Code     2  startup_tm4c123.o(.text)
    GPIOH_Handler                            0x00000423   Thumb Code     2  startup_tm4c123.o(.text)
    UART2_Handler                            0x00000425   Thumb Code     2  startup_tm4c123.o(.text)
    SSI1_Handler                             0x00000427   Thumb Code     2  startup_tm4c123.o(.text)
    TIMER3A_Handler                          0x00000429   Thumb Code     2  startup_tm4c123.o(.text)
    TIMER3B_Handler                          0x0000042b   Thumb Code     2  startup_tm4c123.o(.text)
    I2C1_Handler                             0x0000042d   Thumb Code     2  startup_tm4c123.o(.text)
    QEI1_Handler                             0x0000042f   Thumb Code     2  startup_tm4c123.o(.text)
    CAN0_Handler                             0x00000431   Thumb Code     2  startup_tm4c123.o(.text)
    CAN1_Handler                             0x00000433   Thumb Code     2  startup_tm4c123.o(.text)
    CAN2_Handler                             0x00000435   Thumb Code     2  startup_tm4c123.o(.text)
    HIB_Handler                              0x00000437   Thumb Code     2  startup_tm4c123.o(.text)
    USB0_Handler                             0x00000439   Thumb Code     2  startup_tm4c123.o(.text)
    PWM0_3_Handler                           0x0000043b   Thumb Code     2  startup_tm4c123.o(.text)
    UDMA_Handler                             0x0000043d   Thumb Code     2  startup_tm4c123.o(.text)
    UDMAERR_Handler                          0x0000043f   Thumb Code     2  startup_tm4c123.o(.text)
    ADC1SS0_Handler                          0x00000441   Thumb Code     2  startup_tm4c123.o(.text)
    ADC1SS1_Handler                          0x00000443   Thumb Code     2  startup_tm4c123.o(.text)
    ADC1SS2_Handler                          0x00000445   Thumb Code     2  startup_tm4c123.o(.text)
    ADC1SS3_Handler                          0x00000447   Thumb Code     2  startup_tm4c123.o(.text)
    GPIOJ_Handler                            0x00000449   Thumb Code     2  startup_tm4c123.o(.text)
    GPIOK_Handler                            0x0000044b   Thumb Code     2  startup_tm4c123.o(.text)
    GPIOL_Handler                            0x0000044d   Thumb Code     2  startup_tm4c123.o(.text)
    SSI2_Handler                             0x0000044f   Thumb Code     2  startup_tm4c123.o(.text)
    SSI3_Handler                             0x00000451   Thumb Code     2  startup_tm4c123.o(.text)
    UART3_Handler                            0x00000453   Thumb Code     2  startup_tm4c123.o(.text)
    UART4_Handler                            0x00000455   Thumb Code     2  startup_tm4c123.o(.text)
    UART5_Handler                            0x00000457   Thumb Code     2  startup_tm4c123.o(.text)
    UART6_Handler                            0x00000459   Thumb Code     2  startup_tm4c123.o(.text)
    UART7_Handler                            0x0000045b   Thumb Code     2  startup_tm4c123.o(.text)
    I2C2_Handler                             0x0000045d   Thumb Code     2  startup_tm4c123.o(.text)
    I2C3_Handler                             0x0000045f   Thumb Code     2  startup_tm4c123.o(.text)
    TIMER4A_Handler                          0x00000461   Thumb Code     2  startup_tm4c123.o(.text)
    TIMER4B_Handler                          0x00000463   Thumb Code     2  startup_tm4c123.o(.text)
    TIMER5A_Handler                          0x00000465   Thumb Code     2  startup_tm4c123.o(.text)
    TIMER5B_Handler                          0x00000467   Thumb Code     2  startup_tm4c123.o(.text)
    WTIMER0A_Handler                         0x00000469   Thumb Code     2  startup_tm4c123.o(.text)
    WTIMER0B_Handler                         0x0000046b   Thumb Code     2  startup_tm4c123.o(.text)
    WTIMER1A_Handler                         0x0000046d   Thumb Code     2  startup_tm4c123.o(.text)
    WTIMER1B_Handler                         0x0000046f   Thumb Code     2  startup_tm4c123.o(.text)
    WTIMER2A_Handler                         0x00000471   Thumb Code     2  startup_tm4c123.o(.text)
    WTIMER2B_Handler                         0x00000473   Thumb Code     2  startup_tm4c123.o(.text)
    WTIMER3A_Handler                         0x00000475   Thumb Code     2  startup_tm4c123.o(.text)
    WTIMER3B_Handler                         0x00000477   Thumb Code     2  startup_tm4c123.o(.text)
    WTIMER4A_Handler                         0x00000479   Thumb Code     2  startup_tm4c123.o(.text)
    WTIMER4B_Handler                         0x0000047b   Thumb Code     2  startup_tm4c123.o(.text)
    WTIMER5A_Handler                         0x0000047d   Thumb Code     2  startup_tm4c123.o(.text)
    WTIMER5B_Handler                         0x0000047f   Thumb Code     2  startup_tm4c123.o(.text)
    FPU_Handler                              0x00000481   Thumb Code     2  startup_tm4c123.o(.text)
    I2C4_Handler                             0x00000483   Thumb Code     2  startup_tm4c123.o(.text)
    I2C5_Handler                             0x00000485   Thumb Code     2  startup_tm4c123.o(.text)
    GPIOM_Handler                            0x00000487   Thumb Code     2  startup_tm4c123.o(.text)
    GPION_Handler                            0x00000489   Thumb Code     2  startup_tm4c123.o(.text)
    QEI2_Handler                             0x0000048b   Thumb Code     2  startup_tm4c123.o(.text)
    GPIOP0_Handler                           0x0000048d   Thumb Code     2  startup_tm4c123.o(.text)
    GPIOP1_Handler                           0x0000048f   Thumb Code     2  startup_tm4c123.o(.text)
    GPIOP2_Handler                           0x00000491   Thumb Code     2  startup_tm4c123.o(.text)
    GPIOP3_Handler                           0x00000493   Thumb Code     2  startup_tm4c123.o(.text)
    GPIOP4_Handler                           0x00000495   Thumb Code     2  startup_tm4c123.o(.text)
    GPIOP5_Handler                           0x00000497   Thumb Code     2  startup_tm4c123.o(.text)
    GPIOP6_Handler                           0x00000499   Thumb Code     2  startup_tm4c123.o(.text)
    GPIOP7_Handler                           0x0000049b   Thumb Code     2  startup_tm4c123.o(.text)
    GPIOQ0_Handler                           0x0000049d   Thumb Code     2  startup_tm4c123.o(.text)
    GPIOQ1_Handler                           0x0000049f   Thumb Code     2  startup_tm4c123.o(.text)
    GPIOQ2_Handler                           0x000004a1   Thumb Code     2  startup_tm4c123.o(.text)
    GPIOQ3_Handler                           0x000004a3   Thumb Code     2  startup_tm4c123.o(.text)
    GPIOQ4_Handler                           0x000004a5   Thumb Code     2  startup_tm4c123.o(.text)
    GPIOQ5_Handler                           0x000004a7   Thumb Code     2  startup_tm4c123.o(.text)
    GPIOQ6_Handler                           0x000004a9   Thumb Code     2  startup_tm4c123.o(.text)
    GPIOQ7_Handler                           0x000004ab   Thumb Code     2  startup_tm4c123.o(.text)
    GPIOR_Handler                            0x000004ad   Thumb Code     2  startup_tm4c123.o(.text)
    GPIOS_Handler                            0x000004af   Thumb Code     2  startup_tm4c123.o(.text)
    PMW1_0_Handler                           0x000004b1   Thumb Code     2  startup_tm4c123.o(.text)
    PWM1_1_Handler                           0x000004b3   Thumb Code     2  startup_tm4c123.o(.text)
    PWM1_2_Handler                           0x000004b5   Thumb Code     2  startup_tm4c123.o(.text)
    PWM1_3_Handler                           0x000004b7   Thumb Code     2  startup_tm4c123.o(.text)
    PWM1_FAULT_Handler                       0x000004b9   Thumb Code     2  startup_tm4c123.o(.text)
    __user_initial_stackheap                 0x000004bd   Thumb Code     0  startup_tm4c123.o(.text)
    printf                                   0x000004dd   Thumb Code    20  printf.o(.text)
    scanf                                    0x000004f5   Thumb Code    26  scanf.o(.text)
    atoi                                     0x00000515   Thumb Code    26  atoi.o(.text)
    strcmp                                   0x00000531   Thumb Code   124  strcmpv7em.o(.text)
    __use_two_region_memory                  0x000005ad   Thumb Code     2  heapauxi.o(.text)
    __rt_heap_escrow$2region                 0x000005af   Thumb Code     2  heapauxi.o(.text)
    __rt_heap_expand$2region                 0x000005b1   Thumb Code     2  heapauxi.o(.text)
    __aeabi_errno_addr                       0x000005b5   Thumb Code     8  rt_errno_addr_intlibspace.o(.text)
    __errno$intlibspace                      0x000005b5   Thumb Code     0  rt_errno_addr_intlibspace.o(.text)
    __rt_errno_addr$intlibspace              0x000005b5   Thumb Code     0  rt_errno_addr_intlibspace.o(.text)
    _printf_pre_padding                      0x000005bd   Thumb Code    44  _printf_pad.o(.text)
    _printf_post_padding                     0x000005e9   Thumb Code    34  _printf_pad.o(.text)
    _printf_truncate_signed                  0x0000060b   Thumb Code    18  _printf_truncate.o(.text)
    _printf_truncate_unsigned                0x0000061d   Thumb Code    18  _printf_truncate.o(.text)
    _printf_str                              0x0000062f   Thumb Code    82  _printf_str.o(.text)
    _printf_int_dec                          0x00000681   Thumb Code   104  _printf_dec.o(.text)
    _printf_charcount                        0x000006f9   Thumb Code    40  _printf_charcount.o(.text)
    _printf_char_file                        0x00000721   Thumb Code    32  _printf_char_file.o(.text)
    _printf_wctomb                           0x00000745   Thumb Code   182  _printf_wctomb.o(.text)
    _printf_longlong_dec                     0x00000801   Thumb Code   108  _printf_longlong_dec.o(.text)
    _printf_longlong_oct                     0x0000087d   Thumb Code    68  _printf_oct_int_ll.o(.text)
    _printf_int_oct                          0x000008c1   Thumb Code    24  _printf_oct_int_ll.o(.text)
    _printf_ll_oct                           0x000008d9   Thumb Code    12  _printf_oct_int_ll.o(.text)
    _printf_longlong_hex                     0x000008ed   Thumb Code    86  _printf_hex_int_ll_ptr.o(.text)
    _printf_int_hex                          0x00000943   Thumb Code    28  _printf_hex_int_ll_ptr.o(.text)
    _printf_ll_hex                           0x0000095f   Thumb Code    12  _printf_hex_int_ll_ptr.o(.text)
    _printf_hex_ptr                          0x0000096b   Thumb Code    18  _printf_hex_int_ll_ptr.o(.text)
    __printf                                 0x00000981   Thumb Code   388  __printf_flags_ss_wp.o(.text)
    _scanf_longlong                          0x00000b09   Thumb Code   342  _scanf_longlong.o(.text)
    _scanf_int                               0x00000c5f   Thumb Code   332  _scanf_int.o(.text)
    _scanf_string                            0x00000dab   Thumb Code   224  _scanf_str.o(.text)
    __vfscanf_char_file                      0x00000e8d   Thumb Code    16  scanf_char_file.o(.text)
    strtol                                   0x00000ea5   Thumb Code   112  strtol.o(.text)
    _scanf_mbtowc                            0x00000f15   Thumb Code   276  _scanf_mbtowc.o(.text)
    _scanf_wctomb                            0x00001029   Thumb Code   232  _scanf_wctomb.o(.text)
    _scanf_wstring                           0x00001111   Thumb Code   208  _scanf_wstr.o(.text)
    __user_libspace                          0x000011e1   Thumb Code     8  libspace.o(.text)
    __user_perproc_libspace                  0x000011e1   Thumb Code     0  libspace.o(.text)
    __user_perthread_libspace                0x000011e1   Thumb Code     0  libspace.o(.text)
    __rt_ctype_table                         0x000011e9   Thumb Code    16  rt_ctype_table.o(.text)
    _ll_udiv10                               0x000011f9   Thumb Code   138  lludiv10.o(.text)
    _printf_int_common                       0x00001283   Thumb Code   178  _printf_intcommon.o(.text)
    _printf_fp_dec_real                      0x000014e5   Thumb Code   620  _printf_fp_dec.o(.text)
    _printf_fp_hex_real                      0x00001751   Thumb Code   756  _printf_fp_hex.o(.text)
    _printf_char_common                      0x00001a57   Thumb Code    32  _printf_char_common.o(.text)
    _printf_cs_common                        0x00001a7d   Thumb Code    20  _printf_char.o(.text)
    _printf_char                             0x00001a91   Thumb Code    16  _printf_char.o(.text)
    _printf_string                           0x00001aa1   Thumb Code     8  _printf_char.o(.text)
    _printf_lcs_common                       0x00001aa9   Thumb Code    20  _printf_wchar.o(.text)
    _printf_wchar                            0x00001abd   Thumb Code    16  _printf_wchar.o(.text)
    _printf_wstring                          0x00001acd   Thumb Code     8  _printf_wchar.o(.text)
    _chval                                   0x00001ad5   Thumb Code    28  _chval.o(.text)
    _scanf_really_real                       0x00001d3d   Thumb Code   684  scanf_fp.o(.text)
    __vfscanf_char                           0x00001ff5   Thumb Code    24  scanf_char.o(.text)
    _strtoul                                 0x00002015   Thumb Code   158  _strtoul.o(.text)
    _scanf_wcharmap                          0x000020b3   Thumb Code    30  _scanf_wcharmap.o(.text)
    ___backspace$unlocked                    0x000020d1   Thumb Code     2  backspace.o(.text)
    __backspace                              0x000020d3   Thumb Code    70  backspace.o(.text)
    _mbrtoc16                                0x00002119   Thumb Code    64  _mbrtoc16.o(.text)
    _mbrtowc                                 0x00002119   Thumb Code     0  _mbrtoc16.o(.text)
    _c16rtomb                                0x00002159   Thumb Code    72  _c16rtomb.o(.text)
    _wcrtomb                                 0x00002159   Thumb Code     0  _c16rtomb.o(.text)
    __user_setup_stackheap                   0x000021a1   Thumb Code    74  sys_stackheap_outer.o(.text)
    __rt_locale                              0x000021ed   Thumb Code     8  rt_locale_intlibspace.o(.text)
    __aeabi_llsl                             0x000021f5   Thumb Code     0  llshl.o(.text)
    _ll_shift_l                              0x000021f5   Thumb Code    38  llshl.o(.text)
    isspace                                  0x0000221b   Thumb Code    18  isspace.o(.text)
    _printf_fp_infnan                        0x0000222d   Thumb Code   112  _printf_fp_infnan.o(.text)
    __vfscanf                                0x000022ad   Thumb Code   878  _scanf.o(.text)
    _btod_etento                             0x00002621   Thumb Code   224  bigflt0.o(.text)
    _ungetc_internal                         0x00002705   Thumb Code    60  ungetc.o(.text)
    ungetc                                   0x00002705   Thumb Code     0  ungetc.o(.text)
    exit                                     0x0000274d   Thumb Code    18  exit.o(.text)
    __read_errno                             0x0000275f   Thumb Code    10  _rserrno.o(.text)
    __set_errno                              0x00002769   Thumb Code    12  _rserrno.o(.text)
    _scanf_really_hex_real                   0x00002775   Thumb Code   786  scanf_hexfp.o(.text)
    _scanf_really_infnan                     0x00002a95   Thumb Code   292  scanf_infnan.o(.text)
    _sys_exit                                0x00002bc9   Thumb Code     8  sys_exit.o(.text)
    __I$use$semihosting                      0x00002bd5   Thumb Code     0  use_no_semi.o(.text)
    __use_no_semihosting_swi                 0x00002bd5   Thumb Code     2  use_no_semi.o(.text)
    __semihosting_library_function           0x00002bd7   Thumb Code     0  indicate_semi.o(.text)
    SystemInit                               0x00002bd9   Thumb Code   268  system_tm4c123.o(.text.SystemInit)
    UART_InChar                              0x00002ce5   Thumb Code    36  myuart.o(.text.UART_InChar)
    UART_Init                                0x00002d09   Thumb Code   226  myuart.o(.text.UART_Init)
    UART_OutChar                             0x00002ded   Thumb Code    46  myuart.o(.text.UART_OutChar)
    ferror                                   0x00002e1d   Thumb Code    12  myuart.o(.text.ferror)
    fgetc                                    0x00002e29   Thumb Code    14  myuart.o(.text.fgetc)
    fputc                                    0x00002e39   Thumb Code    70  myuart.o(.text.fputc)
    ledB_on                                  0x00002e81   Thumb Code    14  leds.o(.text.ledB_on)
    ledG_on                                  0x00002e91   Thumb Code    14  leds.o(.text.ledG_on)
    ledR_on                                  0x00002ea1   Thumb Code    14  leds.o(.text.ledR_on)
    led_off                                  0x00002eb1   Thumb Code    14  leds.o(.text.led_off)
    leds_init                                0x00002ec1   Thumb Code    56  leds.o(.text.leds_init)
    leds_on                                  0x00002ef9   Thumb Code    14  leds.o(.text.leds_on)
    main                                     0x00002f09   Thumb Code   404  mymain.o(.text.main)
    _btod_d2e                                0x0000309d   Thumb Code    62  btod.o(CL$$btod_d2e)
    _d2e_denorm_low                          0x000030db   Thumb Code    70  btod.o(CL$$btod_d2e_denorm_low)
    _d2e_norm_op1                            0x00003121   Thumb Code    96  btod.o(CL$$btod_d2e_norm_op1)
    __btod_div_common                        0x00003181   Thumb Code   696  btod.o(CL$$btod_div_common)
    _e2d                                     0x000034b9   Thumb Code   122  btod.o(CL$$btod_e2d)
    _e2e                                     0x0000353d   Thumb Code   220  btod.o(CL$$btod_e2e)
    _btod_ediv                               0x00003619   Thumb Code    42  btod.o(CL$$btod_ediv)
    _btod_edivd                              0x00003643   Thumb Code    42  btod.o(CL$$btod_edivd)
    _btod_emul                               0x0000366d   Thumb Code    42  btod.o(CL$$btod_emul)
    _btod_emuld                              0x00003697   Thumb Code    42  btod.o(CL$$btod_emuld)
    __btod_mult_common                       0x000036c1   Thumb Code   580  btod.o(CL$$btod_mult_common)
    __ARM_fpclassify                         0x00003905   Thumb Code    48  fpclassify.o(i.__ARM_fpclassify)
    __hardfp___mathlib_tofloat               0x00003939   Thumb Code   232  narrow.o(i.__hardfp___mathlib_tofloat)
    __hardfp_ldexp                           0x00003a31   Thumb Code   200  ldexp.o(i.__hardfp_ldexp)
    __mathlib_dbl_overflow                   0x00003b01   Thumb Code    24  dunder.o(i.__mathlib_dbl_overflow)
    __mathlib_dbl_underflow                  0x00003b21   Thumb Code    24  dunder.o(i.__mathlib_dbl_underflow)
    __mathlib_narrow                         0x00003b41   Thumb Code    18  narrow.o(i.__mathlib_narrow)
    __support_ldexp                          0x00003b53   Thumb Code    20  ldexp.o(i.__support_ldexp)
    _is_digit                                0x00003b67   Thumb Code    14  __printf_wp.o(i._is_digit)
    frexp                                    0x00003b79   Thumb Code   118  frexp.o(i.frexp)
    _get_lc_ctype                            0x00003c05   Thumb Code    44  lc_ctype_c.o(locale$$code)
    _get_lc_numeric                          0x00003c31   Thumb Code    44  lc_numeric_c.o(locale$$code)
    __aeabi_d2f                              0x00003c5d   Thumb Code     0  d2f.o(x$fpl$d2f)
    _d2f                                     0x00003c5d   Thumb Code    98  d2f.o(x$fpl$d2f)
    __fpl_dcheck_NaN1                        0x00003cc1   Thumb Code    10  dcheck1.o(x$fpl$dcheck1)
    __fpl_dcmp_Inf                           0x00003cd1   Thumb Code    24  dcmpi.o(x$fpl$dcmpinf)
    __aeabi_cdcmpeq                          0x00003ce9   Thumb Code     0  deqf.o(x$fpl$deqf)
    _dcmpeq                                  0x00003ce9   Thumb Code   120  deqf.o(x$fpl$deqf)
    __aeabi_cdcmple                          0x00003d61   Thumb Code     0  dleqf.o(x$fpl$dleqf)
    _dcmple                                  0x00003d61   Thumb Code   120  dleqf.o(x$fpl$dleqf)
    __fpl_dcmple_InfNaN                      0x00003dc3   Thumb Code     0  dleqf.o(x$fpl$dleqf)
    __aeabi_dmul                             0x00003dd9   Thumb Code     0  dmul.o(x$fpl$dmul)
    _dmul                                    0x00003dd9   Thumb Code   332  dmul.o(x$fpl$dmul)
    __fpl_dnaninf                            0x00003f2d   Thumb Code   156  dnaninf.o(x$fpl$dnaninf)
    __fpl_dretinf                            0x00003fc9   Thumb Code    12  dretinf.o(x$fpl$dretinf)
    __aeabi_cdrcmple                         0x00003fd5   Thumb Code     0  drleqf.o(x$fpl$drleqf)
    _drcmple                                 0x00003fd5   Thumb Code   108  drleqf.o(x$fpl$drleqf)
    _fp_init                                 0x00004041   Thumb Code    26  fpinit.o(x$fpl$fpinit)
    __fplib_config_fpu_vfp                   0x00004059   Thumb Code     0  fpinit.o(x$fpl$fpinit)
    __fplib_config_pureend_doubles           0x00004059   Thumb Code     0  fpinit.o(x$fpl$fpinit)
    __fpl_fretinf                            0x0000405b   Thumb Code    10  fretinf.o(x$fpl$fretinf)
    __ieee_status                            0x00004065   Thumb Code     6  istatus.o(x$fpl$ieeestatus)
    _printf_fp_dec                           0x0000406b   Thumb Code     4  printf1.o(x$fpl$printf1)
    _printf_fp_hex                           0x0000406f   Thumb Code     4  printf2.o(x$fpl$printf2)
    __fpl_return_NaN                         0x00004073   Thumb Code   100  retnan.o(x$fpl$retnan)
    __ARM_scalbn                             0x000040d7   Thumb Code    92  scalbn.o(x$fpl$scalbn)
    _scanf_real                              0x00004133   Thumb Code     4  scanf1.o(x$fpl$scanf1)
    _scanf_hex_real                          0x00004137   Thumb Code     4  scanf2.o(x$fpl$scanf2)
    _scanf_infnan                            0x0000413b   Thumb Code     4  scanf2.o(x$fpl$scanf2)
    __fpl_cmpreturn                          0x0000413f   Thumb Code    48  trapv.o(x$fpl$trapveneer)
    __I$use$fp                               0x0000416e   Number         0  usenofp.o(x$fpl$usenofp)
    Region$$Table$$Base                      0x000044d4   Number         0  anon$$obj.o(Region$$Table)
    Region$$Table$$Limit                     0x000044e4   Number         0  anon$$obj.o(Region$$Table)
    __aeabi_HUGE_VAL                         0x000044e4   Data           0  fpconst.o(c$$dinf)
    __aeabi_HUGE_VALL                        0x000044e4   Data           0  fpconst.o(c$$dinf)
    __aeabi_INFINITY                         0x000044e4   Data           0  fpconst.o(c$$dinf)
    __dInf                                   0x000044e4   Data           0  fpconst.o(c$$dinf)
    __huge_val                               0x000044e4   Data           0  fpconst.o(c$$dinf)
    __dbl_max                                0x000044ec   Data           0  fpconst.o(c$$dmax)
    __ctype                                  0x00004501   Data           0  lc_ctype_c.o(locale$$data)
    __libspace_start                         0x20000000   Data          96  libspace.o(.bss)
    __stdin                                  0x20000060   Data          84  myuart.o(.bss.__stdin)
    __temporary_stack_top$libspace           0x20000060   Data           0  libspace.o(.bss)
    __stdout                                 0x200000b4   Data          84  myuart.o(.bss.__stdout)



==============================================================================

Memory Map of the image

  Image Entry point : 0x000003c9

  Load Region LR_1 (Base: 0x00000000, Size: 0x00004620, Max: 0xffffffff, ABSOLUTE)

    Execution Region ER_RO (Exec base: 0x00000000, Load base: 0x00000000, Size: 0x00004620, Max: 0xffffffff, ABSOLUTE)

    Exec Addr    Load Addr    Size         Type   Attr      Idx    E Section Name        Object

    0x00000000   0x00000000   0x0000026c   Data   RO           53    RESET               startup_tm4c123.o
    0x0000026c   0x0000026c   0x00000008   Code   RO           86  * !!!main             c_w.l(__main.o)
    0x00000274   0x00000274   0x0000005c   Code   RO          563    !!!scatter          c_w.l(__scatter.o)
    0x000002d0   0x000002d0   0x00000002   Code   RO          564    !!handler_null      c_w.l(__scatter.o)
    0x000002d2   0x000002d2   0x00000002   PAD
    0x000002d4   0x000002d4   0x0000001c   Code   RO          567    !!handler_zi        c_w.l(__scatter_zi.o)
    0x000002f0   0x000002f0   0x00000000   Code   RO          173    .ARM.Collect$$_printf_percent$$00000000  c_w.l(_printf_percent.o)
    0x000002f0   0x000002f0   0x00000006   Code   RO          162    .ARM.Collect$$_printf_percent$$00000001  c_w.l(_printf_n.o)
    0x000002f6   0x000002f6   0x00000006   Code   RO          164    .ARM.Collect$$_printf_percent$$00000002  c_w.l(_printf_p.o)
    0x000002fc   0x000002fc   0x00000006   Code   RO          169    .ARM.Collect$$_printf_percent$$00000003  c_w.l(_printf_f.o)
    0x00000302   0x00000302   0x00000006   Code   RO          170    .ARM.Collect$$_printf_percent$$00000004  c_w.l(_printf_e.o)
    0x00000308   0x00000308   0x00000006   Code   RO          171    .ARM.Collect$$_printf_percent$$00000005  c_w.l(_printf_g.o)
    0x0000030e   0x0000030e   0x00000006   Code   RO          172    .ARM.Collect$$_printf_percent$$00000006  c_w.l(_printf_a.o)
    0x00000314   0x00000314   0x0000000a   Code   RO          177    .ARM.Collect$$_printf_percent$$00000007  c_w.l(_printf_ll.o)
    0x0000031e   0x0000031e   0x00000006   Code   RO          166    .ARM.Collect$$_printf_percent$$00000008  c_w.l(_printf_i.o)
    0x00000324   0x00000324   0x00000006   Code   RO          167    .ARM.Collect$$_printf_percent$$00000009  c_w.l(_printf_d.o)
    0x0000032a   0x0000032a   0x00000006   Code   RO          168    .ARM.Collect$$_printf_percent$$0000000A  c_w.l(_printf_u.o)
    0x00000330   0x00000330   0x00000006   Code   RO          165    .ARM.Collect$$_printf_percent$$0000000B  c_w.l(_printf_o.o)
    0x00000336   0x00000336   0x00000006   Code   RO          163    .ARM.Collect$$_printf_percent$$0000000C  c_w.l(_printf_x.o)
    0x0000033c   0x0000033c   0x00000006   Code   RO          174    .ARM.Collect$$_printf_percent$$0000000D  c_w.l(_printf_lli.o)
    0x00000342   0x00000342   0x00000006   Code   RO          175    .ARM.Collect$$_printf_percent$$0000000E  c_w.l(_printf_lld.o)
    0x00000348   0x00000348   0x00000006   Code   RO          176    .ARM.Collect$$_printf_percent$$0000000F  c_w.l(_printf_llu.o)
    0x0000034e   0x0000034e   0x00000006   Code   RO          181    .ARM.Collect$$_printf_percent$$00000010  c_w.l(_printf_llo.o)
    0x00000354   0x00000354   0x00000006   Code   RO          182    .ARM.Collect$$_printf_percent$$00000011  c_w.l(_printf_llx.o)
    0x0000035a   0x0000035a   0x0000000a   Code   RO          178    .ARM.Collect$$_printf_percent$$00000012  c_w.l(_printf_l.o)
    0x00000364   0x00000364   0x00000006   Code   RO          160    .ARM.Collect$$_printf_percent$$00000013  c_w.l(_printf_c.o)
    0x0000036a   0x0000036a   0x00000006   Code   RO          161    .ARM.Collect$$_printf_percent$$00000014  c_w.l(_printf_s.o)
    0x00000370   0x00000370   0x00000006   Code   RO          179    .ARM.Collect$$_printf_percent$$00000015  c_w.l(_printf_lc.o)
    0x00000376   0x00000376   0x00000006   Code   RO          180    .ARM.Collect$$_printf_percent$$00000016  c_w.l(_printf_ls.o)
    0x0000037c   0x0000037c   0x00000004   Code   RO          246    .ARM.Collect$$_printf_percent$$00000017  c_w.l(_printf_percent_end.o)
    0x00000380   0x00000380   0x00000002   Code   RO          331    .ARM.Collect$$libinit$$00000000  c_w.l(libinit.o)
    0x00000382   0x00000382   0x00000004   Code   RO          365    .ARM.Collect$$libinit$$00000001  c_w.l(libinit2.o)
    0x00000386   0x00000386   0x00000000   Code   RO          368    .ARM.Collect$$libinit$$00000004  c_w.l(libinit2.o)
    0x00000386   0x00000386   0x00000000   Code   RO          370    .ARM.Collect$$libinit$$00000006  c_w.l(libinit2.o)
    0x00000386   0x00000386   0x00000000   Code   RO          373    .ARM.Collect$$libinit$$0000000C  c_w.l(libinit2.o)
    0x00000386   0x00000386   0x00000000   Code   RO          375    .ARM.Collect$$libinit$$0000000E  c_w.l(libinit2.o)
    0x00000386   0x00000386   0x00000000   Code   RO          377    .ARM.Collect$$libinit$$00000010  c_w.l(libinit2.o)
    0x00000386   0x00000386   0x00000006   Code   RO          378    .ARM.Collect$$libinit$$00000011  c_w.l(libinit2.o)
    0x0000038c   0x0000038c   0x00000000   Code   RO          380    .ARM.Collect$$libinit$$00000013  c_w.l(libinit2.o)
    0x0000038c   0x0000038c   0x0000000c   Code   RO          381    .ARM.Collect$$libinit$$00000014  c_w.l(libinit2.o)
    0x00000398   0x00000398   0x00000000   Code   RO          382    .ARM.Collect$$libinit$$00000015  c_w.l(libinit2.o)
    0x00000398   0x00000398   0x00000000   Code   RO          384    .ARM.Collect$$libinit$$00000017  c_w.l(libinit2.o)
    0x00000398   0x00000398   0x0000000a   Code   RO          385    .ARM.Collect$$libinit$$00000018  c_w.l(libinit2.o)
    0x000003a2   0x000003a2   0x00000000   Code   RO          386    .ARM.Collect$$libinit$$00000019  c_w.l(libinit2.o)
    0x000003a2   0x000003a2   0x00000000   Code   RO          388    .ARM.Collect$$libinit$$0000001B  c_w.l(libinit2.o)
    0x000003a2   0x000003a2   0x00000000   Code   RO          390    .ARM.Collect$$libinit$$0000001D  c_w.l(libinit2.o)
    0x000003a2   0x000003a2   0x00000000   Code   RO          392    .ARM.Collect$$libinit$$0000001F  c_w.l(libinit2.o)
    0x000003a2   0x000003a2   0x00000000   Code   RO          394    .ARM.Collect$$libinit$$00000021  c_w.l(libinit2.o)
    0x000003a2   0x000003a2   0x00000000   Code   RO          396    .ARM.Collect$$libinit$$00000023  c_w.l(libinit2.o)
    0x000003a2   0x000003a2   0x00000000   Code   RO          398    .ARM.Collect$$libinit$$00000025  c_w.l(libinit2.o)
    0x000003a2   0x000003a2   0x00000000   Code   RO          400    .ARM.Collect$$libinit$$00000027  c_w.l(libinit2.o)
    0x000003a2   0x000003a2   0x00000000   Code   RO          404    .ARM.Collect$$libinit$$0000002E  c_w.l(libinit2.o)
    0x000003a2   0x000003a2   0x00000000   Code   RO          406    .ARM.Collect$$libinit$$00000030  c_w.l(libinit2.o)
    0x000003a2   0x000003a2   0x00000000   Code   RO          408    .ARM.Collect$$libinit$$00000032  c_w.l(libinit2.o)
    0x000003a2   0x000003a2   0x00000000   Code   RO          410    .ARM.Collect$$libinit$$00000034  c_w.l(libinit2.o)
    0x000003a2   0x000003a2   0x00000002   Code   RO          411    .ARM.Collect$$libinit$$00000035  c_w.l(libinit2.o)
    0x000003a4   0x000003a4   0x00000002   Code   RO          465    .ARM.Collect$$libshutdown$$00000000  c_w.l(libshutdown.o)
    0x000003a6   0x000003a6   0x00000000   Code   RO          498    .ARM.Collect$$libshutdown$$00000002  c_w.l(libshutdown2.o)
    0x000003a6   0x000003a6   0x00000000   Code   RO          500    .ARM.Collect$$libshutdown$$00000004  c_w.l(libshutdown2.o)
    0x000003a6   0x000003a6   0x00000000   Code   RO          503    .ARM.Collect$$libshutdown$$00000007  c_w.l(libshutdown2.o)
    0x000003a6   0x000003a6   0x00000000   Code   RO          506    .ARM.Collect$$libshutdown$$0000000A  c_w.l(libshutdown2.o)
    0x000003a6   0x000003a6   0x00000000   Code   RO          508    .ARM.Collect$$libshutdown$$0000000C  c_w.l(libshutdown2.o)
    0x000003a6   0x000003a6   0x00000000   Code   RO          511    .ARM.Collect$$libshutdown$$0000000F  c_w.l(libshutdown2.o)
    0x000003a6   0x000003a6   0x00000002   Code   RO          512    .ARM.Collect$$libshutdown$$00000010  c_w.l(libshutdown2.o)
    0x000003a8   0x000003a8   0x00000000   Code   RO           88    .ARM.Collect$$rtentry$$00000000  c_w.l(__rtentry.o)
    0x000003a8   0x000003a8   0x00000000   Code   RO          213    .ARM.Collect$$rtentry$$00000002  c_w.l(__rtentry2.o)
    0x000003a8   0x000003a8   0x00000006   Code   RO          225    .ARM.Collect$$rtentry$$00000004  c_w.l(__rtentry4.o)
    0x000003ae   0x000003ae   0x00000000   Code   RO          215    .ARM.Collect$$rtentry$$00000009  c_w.l(__rtentry2.o)
    0x000003ae   0x000003ae   0x00000004   Code   RO          216    .ARM.Collect$$rtentry$$0000000A  c_w.l(__rtentry2.o)
    0x000003b2   0x000003b2   0x00000000   Code   RO          218    .ARM.Collect$$rtentry$$0000000C  c_w.l(__rtentry2.o)
    0x000003b2   0x000003b2   0x00000008   Code   RO          219    .ARM.Collect$$rtentry$$0000000D  c_w.l(__rtentry2.o)
    0x000003ba   0x000003ba   0x00000002   Code   RO          355    .ARM.Collect$$rtexit$$00000000  c_w.l(rtexit.o)
    0x000003bc   0x000003bc   0x00000000   Code   RO          425    .ARM.Collect$$rtexit$$00000002  c_w.l(rtexit2.o)
    0x000003bc   0x000003bc   0x00000004   Code   RO          426    .ARM.Collect$$rtexit$$00000003  c_w.l(rtexit2.o)
    0x000003c0   0x000003c0   0x00000006   Code   RO          427    .ARM.Collect$$rtexit$$00000004  c_w.l(rtexit2.o)
    0x000003c6   0x000003c6   0x00000002   PAD
    0x000003c8   0x000003c8   0x00000114   Code   RO           54  * .text               startup_tm4c123.o
    0x000004dc   0x000004dc   0x00000018   Code   RO           76    .text               c_w.l(printf.o)
    0x000004f4   0x000004f4   0x00000020   Code   RO           78    .text               c_w.l(scanf.o)
    0x00000514   0x00000514   0x0000001a   Code   RO           80    .text               c_w.l(atoi.o)
    0x0000052e   0x0000052e   0x00000002   PAD
    0x00000530   0x00000530   0x0000007c   Code   RO           82    .text               c_w.l(strcmpv7em.o)
    0x000005ac   0x000005ac   0x00000006   Code   RO           84    .text               c_w.l(heapauxi.o)
    0x000005b2   0x000005b2   0x00000002   PAD
    0x000005b4   0x000005b4   0x00000008   Code   RO           92    .text               c_w.l(rt_errno_addr_intlibspace.o)
    0x000005bc   0x000005bc   0x0000004e   Code   RO           96    .text               c_w.l(_printf_pad.o)
    0x0000060a   0x0000060a   0x00000024   Code   RO           98    .text               c_w.l(_printf_truncate.o)
    0x0000062e   0x0000062e   0x00000052   Code   RO          100    .text               c_w.l(_printf_str.o)
    0x00000680   0x00000680   0x00000078   Code   RO          102    .text               c_w.l(_printf_dec.o)
    0x000006f8   0x000006f8   0x00000028   Code   RO          104    .text               c_w.l(_printf_charcount.o)
    0x00000720   0x00000720   0x00000024   Code   RO          106    .text               c_w.l(_printf_char_file.o)
    0x00000744   0x00000744   0x000000bc   Code   RO          108    .text               c_w.l(_printf_wctomb.o)
    0x00000800   0x00000800   0x0000007c   Code   RO          111    .text               c_w.l(_printf_longlong_dec.o)
    0x0000087c   0x0000087c   0x00000070   Code   RO          117    .text               c_w.l(_printf_oct_int_ll.o)
    0x000008ec   0x000008ec   0x00000094   Code   RO          137    .text               c_w.l(_printf_hex_int_ll_ptr.o)
    0x00000980   0x00000980   0x00000188   Code   RO          157    .text               c_w.l(__printf_flags_ss_wp.o)
    0x00000b08   0x00000b08   0x00000156   Code   RO          183    .text               c_w.l(_scanf_longlong.o)
    0x00000c5e   0x00000c5e   0x0000014c   Code   RO          185    .text               c_w.l(_scanf_int.o)
    0x00000daa   0x00000daa   0x000000e0   Code   RO          187    .text               c_w.l(_scanf_str.o)
    0x00000e8a   0x00000e8a   0x00000002   PAD
    0x00000e8c   0x00000e8c   0x00000018   Code   RO          189    .text               c_w.l(scanf_char_file.o)
    0x00000ea4   0x00000ea4   0x00000070   Code   RO          191    .text               c_w.l(strtol.o)
    0x00000f14   0x00000f14   0x00000114   Code   RO          193    .text               c_w.l(_scanf_mbtowc.o)
    0x00001028   0x00001028   0x000000e8   Code   RO          195    .text               c_w.l(_scanf_wctomb.o)
    0x00001110   0x00001110   0x000000d0   Code   RO          197    .text               c_w.l(_scanf_wstr.o)
    0x000011e0   0x000011e0   0x00000008   Code   RO          209    .text               c_w.l(libspace.o)
    0x000011e8   0x000011e8   0x00000010   Code   RO          227    .text               c_w.l(rt_ctype_table.o)
    0x000011f8   0x000011f8   0x0000008a   Code   RO          229    .text               c_w.l(lludiv10.o)
    0x00001282   0x00001282   0x000000b2   Code   RO          231    .text               c_w.l(_printf_intcommon.o)
    0x00001334   0x00001334   0x0000041c   Code   RO          233    .text               c_w.l(_printf_fp_dec.o)
    0x00001750   0x00001750   0x000002fc   Code   RO          237    .text               c_w.l(_printf_fp_hex.o)
    0x00001a4c   0x00001a4c   0x00000030   Code   RO          240    .text               c_w.l(_printf_char_common.o)
    0x00001a7c   0x00001a7c   0x0000002c   Code   RO          242    .text               c_w.l(_printf_char.o)
    0x00001aa8   0x00001aa8   0x0000002c   Code   RO          244    .text               c_w.l(_printf_wchar.o)
    0x00001ad4   0x00001ad4   0x0000001c   Code   RO          247    .text               c_w.l(_chval.o)
    0x00001af0   0x00001af0   0x000004f8   Code   RO          249    .text               c_w.l(scanf_fp.o)
    0x00001fe8   0x00001fe8   0x0000002c   Code   RO          253    .text               c_w.l(scanf_char.o)
    0x00002014   0x00002014   0x0000009e   Code   RO          255    .text               c_w.l(_strtoul.o)
    0x000020b2   0x000020b2   0x0000001e   Code   RO          257    .text               c_w.l(_scanf_wcharmap.o)
    0x000020d0   0x000020d0   0x00000048   Code   RO          259    .text               c_w.l(backspace.o)
    0x00002118   0x00002118   0x00000040   Code   RO          263    .text               c_w.l(_mbrtoc16.o)
    0x00002158   0x00002158   0x00000048   Code   RO          265    .text               c_w.l(_c16rtomb.o)
    0x000021a0   0x000021a0   0x0000004a   Code   RO          267    .text               c_w.l(sys_stackheap_outer.o)
    0x000021ea   0x000021ea   0x00000002   PAD
    0x000021ec   0x000021ec   0x00000008   Code   RO          272    .text               c_w.l(rt_locale_intlibspace.o)
    0x000021f4   0x000021f4   0x00000026   Code   RO          274    .text               c_w.l(llshl.o)
    0x0000221a   0x0000221a   0x00000012   Code   RO          276    .text               c_w.l(isspace.o)
    0x0000222c   0x0000222c   0x00000080   Code   RO          278    .text               c_w.l(_printf_fp_infnan.o)
    0x000022ac   0x000022ac   0x00000374   Code   RO          282    .text               c_w.l(_scanf.o)
    0x00002620   0x00002620   0x000000e4   Code   RO          284    .text               c_w.l(bigflt0.o)
    0x00002704   0x00002704   0x00000048   Code   RO          314    .text               c_w.l(ungetc.o)
    0x0000274c   0x0000274c   0x00000012   Code   RO          322    .text               c_w.l(exit.o)
    0x0000275e   0x0000275e   0x00000016   Code   RO          357    .text               c_w.l(_rserrno.o)
    0x00002774   0x00002774   0x00000320   Code   RO          359    .text               c_w.l(scanf_hexfp.o)
    0x00002a94   0x00002a94   0x00000134   Code   RO          361    .text               c_w.l(scanf_infnan.o)
    0x00002bc8   0x00002bc8   0x0000000c   Code   RO          455    .text               c_w.l(sys_exit.o)
    0x00002bd4   0x00002bd4   0x00000002   Code   RO          488    .text               c_w.l(use_no_semi.o)
    0x00002bd6   0x00002bd6   0x00000000   Code   RO          490    .text               c_w.l(indicate_semi.o)
    0x00002bd6   0x00002bd6   0x00000002   PAD
    0x00002bd8   0x00002bd8   0x0000010c   Code   RO           65    .text.SystemInit    system_tm4c123.o
    0x00002ce4   0x00002ce4   0x00000024   Code   RO           33    .text.UART_InChar   myuart.o
    0x00002d08   0x00002d08   0x000000e2   Code   RO           31    .text.UART_Init     myuart.o
    0x00002dea   0x00002dea   0x00000002   PAD
    0x00002dec   0x00002dec   0x0000002e   Code   RO           35    .text.UART_OutChar  myuart.o
    0x00002e1a   0x00002e1a   0x00000002   PAD
    0x00002e1c   0x00002e1c   0x0000000c   Code   RO           41    .text.ferror        myuart.o
    0x00002e28   0x00002e28   0x0000000e   Code   RO           39    .text.fgetc         myuart.o
    0x00002e36   0x00002e36   0x00000002   PAD
    0x00002e38   0x00002e38   0x00000046   Code   RO           37    .text.fputc         myuart.o
    0x00002e7e   0x00002e7e   0x00000002   PAD
    0x00002e80   0x00002e80   0x0000000e   Code   RO            6    .text.ledB_on       leds.o
    0x00002e8e   0x00002e8e   0x00000002   PAD
    0x00002e90   0x00002e90   0x0000000e   Code   RO            8    .text.ledG_on       leds.o
    0x00002e9e   0x00002e9e   0x00000002   PAD
    0x00002ea0   0x00002ea0   0x0000000e   Code   RO            4    .text.ledR_on       leds.o
    0x00002eae   0x00002eae   0x00000002   PAD
    0x00002eb0   0x00002eb0   0x0000000e   Code   RO           12    .text.led_off       leds.o
    0x00002ebe   0x00002ebe   0x00000002   PAD
    0x00002ec0   0x00002ec0   0x00000038   Code   RO            2    .text.leds_init     leds.o
    0x00002ef8   0x00002ef8   0x0000000e   Code   RO           10    .text.leds_on       leds.o
    0x00002f06   0x00002f06   0x00000002   PAD
    0x00002f08   0x00002f08   0x00000194   Code   RO           21    .text.main          mymain.o
    0x0000309c   0x0000309c   0x0000003e   Code   RO          287    CL$$btod_d2e        c_w.l(btod.o)
    0x000030da   0x000030da   0x00000046   Code   RO          289    CL$$btod_d2e_denorm_low  c_w.l(btod.o)
    0x00003120   0x00003120   0x00000060   Code   RO          288    CL$$btod_d2e_norm_op1  c_w.l(btod.o)
    0x00003180   0x00003180   0x00000338   Code   RO          297    CL$$btod_div_common  c_w.l(btod.o)
    0x000034b8   0x000034b8   0x00000084   Code   RO          295    CL$$btod_e2d        c_w.l(btod.o)
    0x0000353c   0x0000353c   0x000000dc   Code   RO          294    CL$$btod_e2e        c_w.l(btod.o)
    0x00003618   0x00003618   0x0000002a   Code   RO          291    CL$$btod_ediv       c_w.l(btod.o)
    0x00003642   0x00003642   0x0000002a   Code   RO          293    CL$$btod_edivd      c_w.l(btod.o)
    0x0000366c   0x0000366c   0x0000002a   Code   RO          290    CL$$btod_emul       c_w.l(btod.o)
    0x00003696   0x00003696   0x0000002a   Code   RO          292    CL$$btod_emuld      c_w.l(btod.o)
    0x000036c0   0x000036c0   0x00000244   Code   RO          296    CL$$btod_mult_common  c_w.l(btod.o)
    0x00003904   0x00003904   0x00000030   Code   RO          345    i.__ARM_fpclassify  m_wm.l(fpclassify.o)
    0x00003934   0x00003934   0x00000004   PAD
    0x00003938   0x00003938   0x000000f8   Code   RO          347    i.__hardfp___mathlib_tofloat  m_wm.l(narrow.o)
    0x00003a30   0x00003a30   0x000000d0   Code   RO          447    i.__hardfp_ldexp    m_wm.l(ldexp.o)
    0x00003b00   0x00003b00   0x00000020   Code   RO          474    i.__mathlib_dbl_overflow  m_wm.l(dunder.o)
    0x00003b20   0x00003b20   0x00000020   Code   RO          476    i.__mathlib_dbl_underflow  m_wm.l(dunder.o)
    0x00003b40   0x00003b40   0x00000012   Code   RO          348    i.__mathlib_narrow  m_wm.l(narrow.o)
    0x00003b52   0x00003b52   0x00000014   Code   RO          449    i.__support_ldexp   m_wm.l(ldexp.o)
    0x00003b66   0x00003b66   0x0000000e   Code   RO          150    i._is_digit         c_w.l(__printf_wp.o)
    0x00003b74   0x00003b74   0x00000004   PAD
    0x00003b78   0x00003b78   0x0000008c   Code   RO          420    i.frexp             m_wm.l(frexp.o)
    0x00003c04   0x00003c04   0x0000002c   Code   RO          317    locale$$code        c_w.l(lc_ctype_c.o)
    0x00003c30   0x00003c30   0x0000002c   Code   RO          320    locale$$code        c_w.l(lc_numeric_c.o)
    0x00003c5c   0x00003c5c   0x00000062   Code   RO          412    x$fpl$d2f           fz_wm.l(d2f.o)
    0x00003cbe   0x00003cbe   0x00000002   PAD
    0x00003cc0   0x00003cc0   0x00000010   Code   RO          519    x$fpl$dcheck1       fz_wm.l(dcheck1.o)
    0x00003cd0   0x00003cd0   0x00000018   Code   RO          435    x$fpl$dcmpinf       fz_wm.l(dcmpi.o)
    0x00003ce8   0x00003ce8   0x00000078   Code   RO          414    x$fpl$deqf          fz_wm.l(deqf.o)
    0x00003d60   0x00003d60   0x00000078   Code   RO          437    x$fpl$dleqf         fz_wm.l(dleqf.o)
    0x00003dd8   0x00003dd8   0x00000154   Code   RO          439    x$fpl$dmul          fz_wm.l(dmul.o)
    0x00003f2c   0x00003f2c   0x0000009c   Code   RO          441    x$fpl$dnaninf       fz_wm.l(dnaninf.o)
    0x00003fc8   0x00003fc8   0x0000000c   Code   RO          466    x$fpl$dretinf       fz_wm.l(dretinf.o)
    0x00003fd4   0x00003fd4   0x0000006c   Code   RO          416    x$fpl$drleqf        fz_wm.l(drleqf.o)
    0x00004040   0x00004040   0x0000001a   Code   RO          443    x$fpl$fpinit        fz_wm.l(fpinit.o)
    0x0000405a   0x0000405a   0x0000000a   Code   RO          445    x$fpl$fretinf       fz_wm.l(fretinf.o)
    0x00004064   0x00004064   0x00000006   Code   RO          336    x$fpl$ieeestatus    fz_wm.l(istatus.o)
    0x0000406a   0x0000406a   0x00000004   Code   RO          199    x$fpl$printf1       fz_wm.l(printf1.o)
    0x0000406e   0x0000406e   0x00000004   Code   RO          201    x$fpl$printf2       fz_wm.l(printf2.o)
    0x00004072   0x00004072   0x00000064   Code   RO          531    x$fpl$retnan        fz_wm.l(retnan.o)
    0x000040d6   0x000040d6   0x0000005c   Code   RO          468    x$fpl$scalbn        fz_wm.l(scalbn.o)
    0x00004132   0x00004132   0x00000004   Code   RO          207    x$fpl$scanf1        fz_wm.l(scanf1.o)
    0x00004136   0x00004136   0x00000008   Code   RO          338    x$fpl$scanf2        fz_wm.l(scanf2.o)
    0x0000413e   0x0000413e   0x00000030   Code   RO          537    x$fpl$trapveneer    fz_wm.l(trapv.o)
    0x0000416e   0x0000416e   0x00000000   Code   RO          344    x$fpl$usenofp       fz_wm.l(usenofp.o)
    0x0000416e   0x0000416e   0x00000002   PAD
    0x00004170   0x00004170   0x00000008   Data   RO          109    .constdata          c_w.l(_printf_wctomb.o)
    0x00004178   0x00004178   0x00000028   Data   RO          138    .constdata          c_w.l(_printf_hex_int_ll_ptr.o)
    0x000041a0   0x000041a0   0x00000011   Data   RO          158    .constdata          c_w.l(__printf_flags_ss_wp.o)
    0x000041b1   0x000041b1   0x00000026   Data   RO          238    .constdata          c_w.l(_printf_fp_hex.o)
    0x000041d7   0x000041d7   0x00000001   PAD
    0x000041d8   0x000041d8   0x00000094   Data   RO          285    .constdata          c_w.l(bigflt0.o)
    0x0000426c   0x0000426c   0x00000265   Data   RO           23    .rodata.str1.1      mymain.o
    0x000044d1   0x000044d1   0x00000003   PAD
    0x000044d4   0x000044d4   0x00000010   Data   RO          562    Region$$Table       anon$$obj.o
    0x000044e4   0x000044e4   0x00000008   Data   RO          332    c$$dinf             fz_wm.l(fpconst.o)
    0x000044ec   0x000044ec   0x00000008   Data   RO          335    c$$dmax             fz_wm.l(fpconst.o)
    0x000044f4   0x000044f4   0x00000110   Data   RO          316    locale$$data        c_w.l(lc_ctype_c.o)
    0x00004604   0x00004604   0x0000001c   Data   RO          319    locale$$data        c_w.l(lc_numeric_c.o)


    Execution Region ER_RW (Exec base: 0x20000000, Load base: 0x00004620, Size: 0x00000000, Max: 0xffffffff, ABSOLUTE)

    **** No section assigned to this execution region ****


    Execution Region ER_ZI (Exec base: 0x20000000, Load base: 0x00004620, Size: 0x00000308, Max: 0xffffffff, ABSOLUTE)

    Exec Addr    Load Addr    Size         Type   Attr      Idx    E Section Name        Object

    0x20000000        -       0x00000060   Zero   RW          210    .bss                c_w.l(libspace.o)
    0x20000060        -       0x00000054   Zero   RW           44    .bss.__stdin        myuart.o
    0x200000b4        -       0x00000054   Zero   RW           43    .bss.__stdout       myuart.o
    0x20000108        -       0x00000000   Zero   RW           52    HEAP                startup_tm4c123.o
    0x20000108        -       0x00000200   Zero   RW           51    STACK               startup_tm4c123.o


==============================================================================

Image component sizes


      Code (inc. data)   RO Data    RW Data    ZI Data      Debug   Object Name

       126          0          0          0          0        924   leds.o
       404          0        613          0          0       1324   mymain.o
       404          0          0          0        168       1584   myuart.o
       276         24        620          0        512       5476   startup_tm4c123.o
       268          0          0          0          0       6731   system_tm4c123.o

    ----------------------------------------------------------------------
      1496         24       1252          0        680      16039   Object Totals
         0          0         16          0          0          0   (incl. Generated)
        18          0          3          0          0          0   (incl. Padding)

    ----------------------------------------------------------------------

      Code (inc. data)   RO Data    RW Data    ZI Data      Debug   Library Member Name

         8          0          0          0          0         68   __main.o
       392          4         17          0          0         92   __printf_flags_ss_wp.o
        14          0          0          0          0         68   __printf_wp.o
         0          0          0          0          0          0   __rtentry.o
        12          0          0          0          0          0   __rtentry2.o
         6          0          0          0          0          0   __rtentry4.o
        94          8          0          0          0          0   __scatter.o
        28          0          0          0          0          0   __scatter_zi.o
        72          0          0          0          0         96   _c16rtomb.o
        28          0          0          0          0         68   _chval.o
        64          0          0          0          0         84   _mbrtoc16.o
         6          0          0          0          0          0   _printf_a.o
         6          0          0          0          0          0   _printf_c.o
        44          0          0          0          0        108   _printf_char.o
        48          6          0          0          0         96   _printf_char_common.o
        36          4          0          0          0         80   _printf_char_file.o
        40          0          0          0          0         68   _printf_charcount.o
         6          0          0          0          0          0   _printf_d.o
       120         16          0          0          0         92   _printf_dec.o
         6          0          0          0          0          0   _printf_e.o
         6          0          0          0          0          0   _printf_f.o
      1052          0          0          0          0        148   _printf_fp_dec.o
       764          8         38          0          0        100   _printf_fp_hex.o
       128         16          0          0          0         84   _printf_fp_infnan.o
         6          0          0          0          0          0   _printf_g.o
       148          4         40          0          0        160   _printf_hex_int_ll_ptr.o
         6          0          0          0          0          0   _printf_i.o
       178          0          0          0          0         88   _printf_intcommon.o
        10          0          0          0          0          0   _printf_l.o
         6          0          0          0          0          0   _printf_lc.o
        10          0          0          0          0          0   _printf_ll.o
         6          0          0          0          0          0   _printf_lld.o
         6          0          0          0          0          0   _printf_lli.o
         6          0          0          0          0          0   _printf_llo.o
         6          0          0          0          0          0   _printf_llu.o
         6          0          0          0          0          0   _printf_llx.o
       124         16          0          0          0         92   _printf_longlong_dec.o
         6          0          0          0          0          0   _printf_ls.o
         6          0          0          0          0          0   _printf_n.o
         6          0          0          0          0          0   _printf_o.o
       112          8          0          0          0        124   _printf_oct_int_ll.o
         6          0          0          0          0          0   _printf_p.o
        78          0          0          0          0        108   _printf_pad.o
         0          0          0          0          0          0   _printf_percent.o
         4          0          0          0          0          0   _printf_percent_end.o
         6          0          0          0          0          0   _printf_s.o
        82          0          0          0          0         80   _printf_str.o
        36          0          0          0          0         84   _printf_truncate.o
         6          0          0          0          0          0   _printf_u.o
        44          0          0          0          0        108   _printf_wchar.o
       188          6          8          0          0         92   _printf_wctomb.o
         6          0          0          0          0          0   _printf_x.o
        22          0          0          0          0        100   _rserrno.o
       884          6          0          0          0        100   _scanf.o
       332          0          0          0          0         96   _scanf_int.o
       342          0          0          0          0        100   _scanf_longlong.o
       276          0          0          0          0        100   _scanf_mbtowc.o
       224          0          0          0          0         96   _scanf_str.o
        30          0          0          0          0         76   _scanf_wcharmap.o
       232          0          0          0          0        100   _scanf_wctomb.o
       208          0          0          0          0         96   _scanf_wstr.o
       158          0          0          0          0         92   _strtoul.o
        26          0          0          0          0         80   atoi.o
        72          0          0          0          0         92   backspace.o
       228          4        148          0          0         96   bigflt0.o
      2152        136          0          0          0        956   btod.o
        18          0          0          0          0         80   exit.o
         6          0          0          0          0        152   heapauxi.o
         0          0          0          0          0          0   indicate_semi.o
        18          0          0          0          0         76   isspace.o
        44         10        272          0          0         76   lc_ctype_c.o
        44         10         28          0          0         76   lc_numeric_c.o
         2          0          0          0          0          0   libinit.o
        34          0          0          0          0          0   libinit2.o
         2          0          0          0          0          0   libshutdown.o
         2          0          0          0          0          0   libshutdown2.o
         8          4          0          0         96         68   libspace.o
        38          0          0          0          0         68   llshl.o
       138          0          0          0          0         80   lludiv10.o
        24          4          0          0          0         84   printf.o
        16          4          0          0          0         76   rt_ctype_table.o
         8          4          0          0          0         68   rt_errno_addr_intlibspace.o
         8          4          0          0          0         68   rt_locale_intlibspace.o
         2          0          0          0          0          0   rtexit.o
        10          0          0          0          0          0   rtexit2.o
        32          6          0          0          0         84   scanf.o
        44          8          0          0          0         84   scanf_char.o
        24          8          0          0          0         68   scanf_char_file.o
      1272         16          0          0          0        168   scanf_fp.o
       800         14          0          0          0        100   scanf_hexfp.o
       308         16          0          0          0        100   scanf_infnan.o
       124          0          0          0          0         88   strcmpv7em.o
       112          0          0          0          0         88   strtol.o
        12          4          0          0          0         68   sys_exit.o
        74          0          0          0          0         80   sys_stackheap_outer.o
        72         12          0          0          0         68   ungetc.o
         2          0          0          0          0         68   use_no_semi.o
        98          4          0          0          0        140   d2f.o
        16          4          0          0          0        116   dcheck1.o
        24          0          0          0          0        116   dcmpi.o
       120          4          0          0          0        140   deqf.o
       120          4          0          0          0        140   dleqf.o
       340         12          0          0          0        152   dmul.o
       156          4          0          0          0        140   dnaninf.o
        12          0          0          0          0        116   dretinf.o
       108          0          0          0          0        128   drleqf.o
         0          0         16          0          0          0   fpconst.o
        26          0          0          0          0        116   fpinit.o
        10          0          0          0          0        116   fretinf.o
         6          0          0          0          0        116   istatus.o
         4          0          0          0          0        116   printf1.o
         4          0          0          0          0        116   printf2.o
       100          0          0          0          0        116   retnan.o
        92          0          0          0          0        116   scalbn.o
         4          0          0          0          0        116   scanf1.o
         8          0          0          0          0        132   scanf2.o
        48          0          0          0          0        116   trapv.o
         0          0          0          0          0          0   usenofp.o
        64         16          0          0          0        248   dunder.o
        48          0          0          0          0        124   fpclassify.o
       140         22          0          0          0        132   frexp.o
       228          8          0          0          0        308   ldexp.o
       266         16          0          0          0        308   narrow.o

    ----------------------------------------------------------------------
     14636        460        568          0         96       9888   Library Totals
        26          0          1          0          0          0   (incl. Padding)

    ----------------------------------------------------------------------

      Code (inc. data)   RO Data    RW Data    ZI Data      Debug   Library Name

     12568        366        551          0         96       6404   c_w.l
      1296         32         16          0          0       2364   fz_wm.l
       746         62          0          0          0       1120   m_wm.l

    ----------------------------------------------------------------------
     14636        460        568          0         96       9888   Library Totals

    ----------------------------------------------------------------------

==============================================================================


      Code (inc. data)   RO Data    RW Data    ZI Data      Debug   

     16132        484       1820          0        776      19883   Grand Totals
     16132        484       1820          0        776      19883   ELF Image Totals
     16132        484       1820          0          0          0   ROM Totals

==============================================================================

    Total RO  Size (Code + RO Data)                17952 (  17.53kB)
    Total RW  Size (RW Data + ZI Data)               776 (   0.76kB)
    Total ROM Size (Code + RO Data + RW Data)      17952 (  17.53kB)

==============================================================================

